// Jest Snapshot v1, https://goo.gl/fbAQLP

exports[`Body of the whole Rocket Page It matches snapshot 1`] = `
Array [
  <hr
    style={
      Object {
        "margin": "auto 15px",
      }
    }
  />,
  <ul
    style={
      Object {
        "alignItems": "center",
        "display": "flex",
        "flexDirection": "column",
        "gap": "15px",
        "justifyContent": "center",
      }
    }
  />,
]
`;
